Archive member included to satisfy reference by file (symbol)

d:/programs/stm32cubeide_1.6.0/stm32cubeide/plugins/com.st.stm32cube.ide.mcu.externaltools.gnu-tools-for-stm32.9-2020-q2-update.win32_1.5.0.202011040924/tools/bin/../lib/gcc/arm-none-eabi/9.3.1/../../../../arm-none-eabi/lib/thumb/v7-m/nofp\libc_nano.a(lib_a-errno.o)
                              Core/Src/syscalls.o (__errno)
d:/programs/stm32cubeide_1.6.0/stm32cubeide/plugins/com.st.stm32cube.ide.mcu.externaltools.gnu-tools-for-stm32.9-2020-q2-update.win32_1.5.0.202011040924/tools/bin/../lib/gcc/arm-none-eabi/9.3.1/../../../../arm-none-eabi/lib/thumb/v7-m/nofp\libc_nano.a(lib_a-exit.o)
                              d:/programs/stm32cubeide_1.6.0/stm32cubeide/plugins/com.st.stm32cube.ide.mcu.externaltools.gnu-tools-for-stm32.9-2020-q2-update.win32_1.5.0.202011040924/tools/bin/../lib/gcc/arm-none-eabi/9.3.1/../../../../arm-none-eabi/lib/thumb/v7-m/nofp/crt0.o (exit)
d:/programs/stm32cubeide_1.6.0/stm32cubeide/plugins/com.st.stm32cube.ide.mcu.externaltools.gnu-tools-for-stm32.9-2020-q2-update.win32_1.5.0.202011040924/tools/bin/../lib/gcc/arm-none-eabi/9.3.1/../../../../arm-none-eabi/lib/thumb/v7-m/nofp\libc_nano.a(lib_a-impure.o)
                              d:/programs/stm32cubeide_1.6.0/stm32cubeide/plugins/com.st.stm32cube.ide.mcu.externaltools.gnu-tools-for-stm32.9-2020-q2-update.win32_1.5.0.202011040924/tools/bin/../lib/gcc/arm-none-eabi/9.3.1/../../../../arm-none-eabi/lib/thumb/v7-m/nofp\libc_nano.a(lib_a-exit.o) (_global_impure_ptr)
d:/programs/stm32cubeide_1.6.0/stm32cubeide/plugins/com.st.stm32cube.ide.mcu.externaltools.gnu-tools-for-stm32.9-2020-q2-update.win32_1.5.0.202011040924/tools/bin/../lib/gcc/arm-none-eabi/9.3.1/../../../../arm-none-eabi/lib/thumb/v7-m/nofp\libc_nano.a(lib_a-init.o)
                              d:/programs/stm32cubeide_1.6.0/stm32cubeide/plugins/com.st.stm32cube.ide.mcu.externaltools.gnu-tools-for-stm32.9-2020-q2-update.win32_1.5.0.202011040924/tools/bin/../lib/gcc/arm-none-eabi/9.3.1/../../../../arm-none-eabi/lib/thumb/v7-m/nofp/crt0.o (__libc_init_array)
d:/programs/stm32cubeide_1.6.0/stm32cubeide/plugins/com.st.stm32cube.ide.mcu.externaltools.gnu-tools-for-stm32.9-2020-q2-update.win32_1.5.0.202011040924/tools/bin/../lib/gcc/arm-none-eabi/9.3.1/../../../../arm-none-eabi/lib/thumb/v7-m/nofp\libc_nano.a(lib_a-malloc.o)
                              Core/Src/symbols.o (malloc)
d:/programs/stm32cubeide_1.6.0/stm32cubeide/plugins/com.st.stm32cube.ide.mcu.externaltools.gnu-tools-for-stm32.9-2020-q2-update.win32_1.5.0.202011040924/tools/bin/../lib/gcc/arm-none-eabi/9.3.1/../../../../arm-none-eabi/lib/thumb/v7-m/nofp\libc_nano.a(lib_a-memset.o)
                              d:/programs/stm32cubeide_1.6.0/stm32cubeide/plugins/com.st.stm32cube.ide.mcu.externaltools.gnu-tools-for-stm32.9-2020-q2-update.win32_1.5.0.202011040924/tools/bin/../lib/gcc/arm-none-eabi/9.3.1/../../../../arm-none-eabi/lib/thumb/v7-m/nofp/crt0.o (memset)
d:/programs/stm32cubeide_1.6.0/stm32cubeide/plugins/com.st.stm32cube.ide.mcu.externaltools.gnu-tools-for-stm32.9-2020-q2-update.win32_1.5.0.202011040924/tools/bin/../lib/gcc/arm-none-eabi/9.3.1/../../../../arm-none-eabi/lib/thumb/v7-m/nofp\libc_nano.a(lib_a-nano-freer.o)
                              d:/programs/stm32cubeide_1.6.0/stm32cubeide/plugins/com.st.stm32cube.ide.mcu.externaltools.gnu-tools-for-stm32.9-2020-q2-update.win32_1.5.0.202011040924/tools/bin/../lib/gcc/arm-none-eabi/9.3.1/../../../../arm-none-eabi/lib/thumb/v7-m/nofp\libc_nano.a(lib_a-malloc.o) (_free_r)
d:/programs/stm32cubeide_1.6.0/stm32cubeide/plugins/com.st.stm32cube.ide.mcu.externaltools.gnu-tools-for-stm32.9-2020-q2-update.win32_1.5.0.202011040924/tools/bin/../lib/gcc/arm-none-eabi/9.3.1/../../../../arm-none-eabi/lib/thumb/v7-m/nofp\libc_nano.a(lib_a-nano-mallocr.o)
                              d:/programs/stm32cubeide_1.6.0/stm32cubeide/plugins/com.st.stm32cube.ide.mcu.externaltools.gnu-tools-for-stm32.9-2020-q2-update.win32_1.5.0.202011040924/tools/bin/../lib/gcc/arm-none-eabi/9.3.1/../../../../arm-none-eabi/lib/thumb/v7-m/nofp\libc_nano.a(lib_a-malloc.o) (_malloc_r)
d:/programs/stm32cubeide_1.6.0/stm32cubeide/plugins/com.st.stm32cube.ide.mcu.externaltools.gnu-tools-for-stm32.9-2020-q2-update.win32_1.5.0.202011040924/tools/bin/../lib/gcc/arm-none-eabi/9.3.1/../../../../arm-none-eabi/lib/thumb/v7-m/nofp\libc_nano.a(lib_a-sbrkr.o)
                              d:/programs/stm32cubeide_1.6.0/stm32cubeide/plugins/com.st.stm32cube.ide.mcu.externaltools.gnu-tools-for-stm32.9-2020-q2-update.win32_1.5.0.202011040924/tools/bin/../lib/gcc/arm-none-eabi/9.3.1/../../../../arm-none-eabi/lib/thumb/v7-m/nofp\libc_nano.a(lib_a-nano-mallocr.o) (_sbrk_r)
[...]
Memory Configuration

Name             Origin             Length             Attributes
RAM              0x0000000020000000 0x0000000000005000 xrw
FLASH            0x0000000008000000 0x0000000000020000 xr
*default*        0x0000000000000000 0xffffffffffffffff

Linker script and memory map

LOAD d:/programs/stm32cubeide_1.6.0/stm32cubeide/plugins/com.st.stm32cube.ide.mcu.externaltools.gnu-tools-for-stm32.9-2020-q2-update.win32_1.5.0.202011040924/tools/bin/../lib/gcc/arm-none-eabi/9.3.1/thumb/v7-m/nofp/crti.o
LOAD d:/programs/stm32cubeide_1.6.0/stm32cubeide/plugins/com.st.stm32cube.ide.mcu.externaltools.gnu-tools-for-stm32.9-2020-q2-update.win32_1.5.0.202011040924/tools/bin/../lib/gcc/arm-none-eabi/9.3.1/thumb/v7-m/nofp/crtbegin.o
LOAD d:/programs/stm32cubeide_1.6.0/stm32cubeide/plugins/com.st.stm32cube.ide.mcu.externaltools.gnu-tools-for-stm32.9-2020-q2-update.win32_1.5.0.202011040924/tools/bin/../lib/gcc/arm-none-eabi/9.3.1/../../../../arm-none-eabi/lib/thumb/v7-m/nofp/crt0.o
LOAD Core/Src/led.o
LOAD Core/Src/main.o
LOAD Core/Src/stm32f1xx_hal_msp.o
LOAD Core/Src/stm32f1xx_it.o
LOAD Core/Src/symbols.o
LOAD Core/Src/syscalls.o
LOAD Core/Src/sysmem.o
LOAD Core/Src/system_stm32f1xx.o
LOAD Core/Startup/startup_stm32f103rbtx.o
LOAD Drivers/STM32F1xx_HAL_Driver/Src/stm32f1xx_hal.o
LOAD Drivers/STM32F1xx_HAL_Driver/Src/stm32f1xx_hal_cortex.o
LOAD Drivers/STM32F1xx_HAL_Driver/Src/stm32f1xx_hal_dma.o
LOAD Drivers/STM32F1xx_HAL_Driver/Src/stm32f1xx_hal_exti.o
LOAD Drivers/STM32F1xx_HAL_Driver/Src/stm32f1xx_hal_flash.o
LOAD Drivers/STM32F1xx_HAL_Driver/Src/stm32f1xx_hal_flash_ex.o
LOAD Drivers/STM32F1xx_HAL_Driver/Src/stm32f1xx_hal_gpio.o
LOAD Drivers/STM32F1xx_HAL_Driver/Src/stm32f1xx_hal_gpio_ex.o
LOAD Drivers/STM32F1xx_HAL_Driver/Src/stm32f1xx_hal_pwr.o
LOAD Drivers/STM32F1xx_HAL_Driver/Src/stm32f1xx_hal_rcc.o
LOAD Drivers/STM32F1xx_HAL_Driver/Src/stm32f1xx_hal_rcc_ex.o
LOAD Drivers/STM32F1xx_HAL_Driver/Src/stm32f1xx_hal_tim.o
LOAD Drivers/STM32F1xx_HAL_Driver/Src/stm32f1xx_hal_tim_ex.o
LOAD Drivers/STM32F1xx_HAL_Driver/Src/stm32f1xx_hal_uart.o
START GROUP
LOAD d:/programs/stm32cubeide_1.6.0/stm32cubeide/plugins/com.st.stm32cube.ide.mcu.externaltools.gnu-tools-for-stm32.9-2020-q2-update.win32_1.5.0.202011040924/tools/bin/../lib/gcc/arm-none-eabi/9.3.1/../../../../arm-none-eabi/lib/thumb/v7-m/nofp\libc_nano.a
LOAD d:/programs/stm32cubeide_1.6.0/stm32cubeide/plugins/com.st.stm32cube.ide.mcu.externaltools.gnu-tools-for-stm32.9-2020-q2-update.win32_1.5.0.202011040924/tools/bin/../lib/gcc/arm-none-eabi/9.3.1/../../../../arm-none-eabi/lib/thumb/v7-m/nofp\libm.a
END GROUP
START GROUP
LOAD d:/programs/stm32cubeide_1.6.0/stm32cubeide/plugins/com.st.stm32cube.ide.mcu.externaltools.gnu-tools-for-stm32.9-2020-q2-update.win32_1.5.0.202011040924/tools/bin/../lib/gcc/arm-none-eabi/9.3.1/thumb/v7-m/nofp\libgcc.a
LOAD d:/programs/stm32cubeide_1.6.0/stm32cubeide/plugins/com.st.stm32cube.ide.mcu.externaltools.gnu-tools-for-stm32.9-2020-q2-update.win32_1.5.0.202011040924/tools/bin/../lib/gcc/arm-none-eabi/9.3.1/../../../../arm-none-eabi/lib/thumb/v7-m/nofp\libc_nano.a
END GROUP
START GROUP
LOAD d:/programs/stm32cubeide_1.6.0/stm32cubeide/plugins/com.st.stm32cube.ide.mcu.externaltools.gnu-tools-for-stm32.9-2020-q2-update.win32_1.5.0.202011040924/tools/bin/../lib/gcc/arm-none-eabi/9.3.1/thumb/v7-m/nofp\libgcc.a
LOAD d:/programs/stm32cubeide_1.6.0/stm32cubeide/plugins/com.st.stm32cube.ide.mcu.externaltools.gnu-tools-for-stm32.9-2020-q2-update.win32_1.5.0.202011040924/tools/bin/../lib/gcc/arm-none-eabi/9.3.1/../../../../arm-none-eabi/lib/thumb/v7-m/nofp\libc_nano.a
LOAD d:/programs/stm32cubeide_1.6.0/stm32cubeide/plugins/com.st.stm32cube.ide.mcu.externaltools.gnu-tools-for-stm32.9-2020-q2-update.win32_1.5.0.202011040924/tools/bin/../lib/gcc/arm-none-eabi/9.3.1/../../../../arm-none-eabi/lib/thumb/v7-m/nofp\libnosys.a
END GROUP
START GROUP
LOAD d:/programs/stm32cubeide_1.6.0/stm32cubeide/plugins/com.st.stm32cube.ide.mcu.externaltools.gnu-tools-for-stm32.9-2020-q2-update.win32_1.5.0.202011040924/tools/bin/../lib/gcc/arm-none-eabi/9.3.1/thumb/v7-m/nofp\libgcc.a
LOAD d:/programs/stm32cubeide_1.6.0/stm32cubeide/plugins/com.st.stm32cube.ide.mcu.externaltools.gnu-tools-for-stm32.9-2020-q2-update.win32_1.5.0.202011040924/tools/bin/../lib/gcc/arm-none-eabi/9.3.1/../../../../arm-none-eabi/lib/thumb/v7-m/nofp\libc_nano.a
LOAD d:/programs/stm32cubeide_1.6.0/stm32cubeide/plugins/com.st.stm32cube.ide.mcu.externaltools.gnu-tools-for-stm32.9-2020-q2-update.win32_1.5.0.202011040924/tools/bin/../lib/gcc/arm-none-eabi/9.3.1/../../../../arm-none-eabi/lib/thumb/v7-m/nofp\libnosys.a
END GROUP
LOAD d:/programs/stm32cubeide_1.6.0/stm32cubeide/plugins/com.st.stm32cube.ide.mcu.externaltools.gnu-tools-for-stm32.9-2020-q2-update.win32_1.5.0.202011040924/tools/bin/../lib/gcc/arm-none-eabi/9.3.1/thumb/v7-m/nofp/crtend.o
LOAD d:/programs/stm32cubeide_1.6.0/stm32cubeide/plugins/com.st.stm32cube.ide.mcu.externaltools.gnu-tools-for-stm32.9-2020-q2-update.win32_1.5.0.202011040924/tools/bin/../lib/gcc/arm-none-eabi/9.3.1/thumb/v7-m/nofp/crtn.o
                0x0000000020005000                _estack = (ORIGIN (RAM) + LENGTH (RAM))
                0x0000000000000200                _Min_Heap_Size = 0x200
                0x0000000000000400                _Min_Stack_Size = 0x400

.isr_vector     0x0000000008000000      0x10c
                0x0000000008000000                . = ALIGN (0x4)
 *(.isr_vector)
 .isr_vector    0x0000000008000000      0x10c Core/Startup/startup_stm32f103rbtx.o
                0x0000000008000000                g_pfnVectors
                0x000000000800010c                . = ALIGN (0x4)

.text           0x000000000800010c     0x5004
                0x000000000800010c                . = ALIGN (0x4)
 *(.text)
 .text          0x000000000800010c       0x40 d:/programs/stm32cubeide_1.6.0/stm32cubeide/plugins/com.st.stm32cube.ide.mcu.externaltools.gnu-tools-for-stm32.9-2020-q2-update.win32_1.5.0.202011040924/tools/bin/../lib/gcc/arm-none-eabi/9.3.1/thumb/v7-m/nofp/crtbegin.o
 .text          0x000000000800014c       0x10 d:/programs/stm32cubeide_1.6.0/stm32cubeide/plugins/com.st.stm32cube.ide.mcu.externaltools.gnu-tools-for-stm32.9-2020-q2-update.win32_1.5.0.202011040924/tools/bin/../lib/gcc/arm-none-eabi/9.3.1/../../../../arm-none-eabi/lib/thumb/v7-m/nofp\libc_nano.a(lib_a-strlen.o)
                0x000000000800014c                strlen
 *(.text*)
 .text.segchar  0x000000000800015c      0x360 Core/Src/led.o
                0x000000000800015c                segchar
 .text.outpin   0x00000000080004bc      0x108 Core/Src/led.o
                0x00000000080004bc                outpin
 .text.symboldigit
                0x00000000080005c4      0x230 Core/Src/led.o
                0x00000000080005c4                symboldigit
 .text.main     0x00000000080007f4      0x114 Core/Src/main.o
                0x00000000080007f4                main
 .text.SystemClock_Config
                0x0000000008000908       0x82 Core/Src/main.o
                0x0000000008000908                SystemClock_Config
 *fill*         0x000000000800098a        0x2 
 .text.MX_TIM2_Init
                0x000000000800098c       0x98 Core/Src/main.o
 .text.MX_TIM3_Init
                0x0000000008000a24       0x9c Core/Src/main.o
 .text.MX_USART3_UART_Init
                0x0000000008000ac0       0x54 Core/Src/main.o
 .text.MX_DMA_Init
                0x0000000008000b14       0x3c Core/Src/main.o
 .text.MX_GPIO_Init
                0x0000000008000b50      0x10c Core/Src/main.o
 .text.Error_Handler
                0x0000000008000c5c        0xa Core/Src/main.o
                0x0000000008000c5c                Error_Handler
 *fill*         0x0000000008000c66        0x2 
 .text.HAL_MspInit
                0x0000000008000c68       0x78 Core/Src/stm32f1xx_hal_msp.o
                0x0000000008000c68                HAL_MspInit
 .text.HAL_TIM_Base_MspInit
                0x0000000008000ce0       0x80 Core/Src/stm32f1xx_hal_msp.o
                0x0000000008000ce0                HAL_TIM_Base_MspInit
 .text.HAL_UART_MspInit
                0x0000000008000d60       0xfc Core/Src/stm32f1xx_hal_msp.o
                0x0000000008000d60                HAL_UART_MspInit
 .text.NMI_Handler
                0x0000000008000e5c        0x6 Core/Src/stm32f1xx_it.o
                0x0000000008000e5c                NMI_Handler
 .text.HardFault_Handler
                0x0000000008000e62        0x6 Core/Src/stm32f1xx_it.o
                0x0000000008000e62                HardFault_Handler
 .text.MemManage_Handler
                0x0000000008000e68        0x6 Core/Src/stm32f1xx_it.o
                0x0000000008000e68                MemManage_Handler
 .text.BusFault_Handler
                0x0000000008000e6e        0x6 Core/Src/stm32f1xx_it.o
                0x0000000008000e6e                BusFault_Handler
 .text.UsageFault_Handler
                0x0000000008000e74        0x6 Core/Src/stm32f1xx_it.o
                0x0000000008000e74                UsageFault_Handler
 .text.SVC_Handler
                0x0000000008000e7a        0xc Core/Src/stm32f1xx_it.o
                0x0000000008000e7a                SVC_Handler
 .text.DebugMon_Handler
                0x0000000008000e86        0xc Core/Src/stm32f1xx_it.o
                0x0000000008000e86                DebugMon_Handler
 .text.PendSV_Handler
                0x0000000008000e92        0xc Core/Src/stm32f1xx_it.o
                0x0000000008000e92                PendSV_Handler
 .text.SysTick_Handler
                0x0000000008000e9e        0xc Core/Src/stm32f1xx_it.o
                0x0000000008000e9e                SysTick_Handler
 *fill*         0x0000000008000eaa        0x2 
 .text.DMA1_Channel3_IRQHandler
                0x0000000008000eac       0x14 Core/Src/stm32f1xx_it.o
                0x0000000008000eac                DMA1_Channel3_IRQHandler
 .text.TIM2_IRQHandler
                0x0000000008000ec0     0x1c8c Core/Src/stm32f1xx_it.o
                0x0000000008000ec0                TIM2_IRQHandler
 .text.TIM3_IRQHandler
                0x0000000008002b4c       0x88 Core/Src/stm32f1xx_it.o
                0x0000000008002b4c                TIM3_IRQHandler
 .text.USART3_IRQHandler
                0x0000000008002bd4       0x14 Core/Src/stm32f1xx_it.o
                0x0000000008002bd4                USART3_IRQHandler
 .text.SystemInit
                0x0000000008002be8        0xc Core/Src/system_stm32f1xx.o
                0x0000000008002be8                SystemInit
 .text.Reset_Handler
                0x0000000008002bf4       0x48 Core/Startup/startup_stm32f103rbtx.o
                0x0000000008002bf4                Reset_Handler
 .text.Default_Handler
                0x0000000008002c3c        0x2 Core/Startup/startup_stm32f103rbtx.o
                0x0000000008002c3c                RTC_Alarm_IRQHandler
                0x0000000008002c3c                EXTI2_IRQHandler
                0x0000000008002c3c                TIM1_CC_IRQHandler
                0x0000000008002c3c                PVD_IRQHandler
                0x0000000008002c3c                EXTI3_IRQHandler
                0x0000000008002c3c                EXTI0_IRQHandler
                0x0000000008002c3c                I2C2_EV_IRQHandler
                0x0000000008002c3c                ADC1_2_IRQHandler
                0x0000000008002c3c                SPI1_IRQHandler
                0x0000000008002c3c                TAMPER_IRQHandler
                0x0000000008002c3c                DMA1_Channel4_IRQHandler
                0x0000000008002c3c                RTC_IRQHandler
                0x0000000008002c3c                DMA1_Channel7_IRQHandler
                0x0000000008002c3c                CAN1_RX1_IRQHandler
                0x0000000008002c3c                TIM4_IRQHandler
                0x0000000008002c3c                I2C1_EV_IRQHandler
                0x0000000008002c3c                DMA1_Channel6_IRQHandler
                0x0000000008002c3c                RCC_IRQHandler
                0x0000000008002c3c                TIM1_TRG_COM_IRQHandler
                0x0000000008002c3c                DMA1_Channel1_IRQHandler
                0x0000000008002c3c                Default_Handler
                0x0000000008002c3c                EXTI15_10_IRQHandler
                0x0000000008002c3c                EXTI9_5_IRQHandler
                0x0000000008002c3c                SPI2_IRQHandler
                0x0000000008002c3c                DMA1_Channel5_IRQHandler
                0x0000000008002c3c                EXTI4_IRQHandler
                0x0000000008002c3c                USB_LP_CAN1_RX0_IRQHandler
                0x0000000008002c3c                USB_HP_CAN1_TX_IRQHandler
                0x0000000008002c3c                TIM1_UP_IRQHandler
                0x0000000008002c3c                WWDG_IRQHandler
                0x0000000008002c3c                TIM1_BRK_IRQHandler
                0x0000000008002c3c                EXTI1_IRQHandler
                0x0000000008002c3c                USART2_IRQHandler
                0x0000000008002c3c                I2C2_ER_IRQHandler
                0x0000000008002c3c                DMA1_Channel2_IRQHandler
                0x0000000008002c3c                CAN1_SCE_IRQHandler
                0x0000000008002c3c                FLASH_IRQHandler
                0x0000000008002c3c                USART1_IRQHandler
                0x0000000008002c3c                I2C1_ER_IRQHandler
                0x0000000008002c3c                USBWakeUp_IRQHandler
 *fill*         0x0000000008002c3e        0x2 
 .text.HAL_Init
                0x0000000008002c40       0x2c Drivers/STM32F1xx_HAL_Driver/Src/stm32f1xx_hal.o
                0x0000000008002c40                HAL_Init
 .text.HAL_InitTick
                0x0000000008002c6c       0x60 Drivers/STM32F1xx_HAL_Driver/Src/stm32f1xx_hal.o
                0x0000000008002c6c                HAL_InitTick
 .text.HAL_IncTick
                0x0000000008002ccc       0x24 Drivers/STM32F1xx_HAL_Driver/Src/stm32f1xx_hal.o
                0x0000000008002ccc                HAL_IncTick
 .text.HAL_GetTick
                0x0000000008002cf0       0x14 Drivers/STM32F1xx_HAL_Driver/Src/stm32f1xx_hal.o
                0x0000000008002cf0                HAL_GetTick
 .text.HAL_Delay
                0x0000000008002d04       0x48 Drivers/STM32F1xx_HAL_Driver/Src/stm32f1xx_hal.o
                0x0000000008002d04                HAL_Delay
 .text.__NVIC_SetPriorityGrouping
                0x0000000008002d4c       0x48 Drivers/STM32F1xx_HAL_Driver/Src/stm32f1xx_hal_cortex.o
 .text.__NVIC_GetPriorityGrouping
                0x0000000008002d94       0x1c Drivers/STM32F1xx_HAL_Driver/Src/stm32f1xx_hal_cortex.o
 .text.__NVIC_EnableIRQ
                0x0000000008002db0       0x38 Drivers/STM32F1xx_HAL_Driver/Src/stm32f1xx_hal_cortex.o
 .text.__NVIC_SetPriority
                0x0000000008002de8       0x54 Drivers/STM32F1xx_HAL_Driver/Src/stm32f1xx_hal_cortex.o
 .text.NVIC_EncodePriority
                0x0000000008002e3c       0x64 Drivers/STM32F1xx_HAL_Driver/Src/stm32f1xx_hal_cortex.o
 .text.SysTick_Config
                0x0000000008002ea0       0x44 Drivers/STM32F1xx_HAL_Driver/Src/stm32f1xx_hal_cortex.o
 .text.HAL_NVIC_SetPriorityGrouping
                0x0000000008002ee4       0x16 Drivers/STM32F1xx_HAL_Driver/Src/stm32f1xx_hal_cortex.o
                0x0000000008002ee4                HAL_NVIC_SetPriorityGrouping
 .text.HAL_NVIC_SetPriority
                0x0000000008002efa       0x38 Drivers/STM32F1xx_HAL_Driver/Src/stm32f1xx_hal_cortex.o
                0x0000000008002efa                HAL_NVIC_SetPriority
 .text.HAL_NVIC_EnableIRQ
                0x0000000008002f32       0x1c Drivers/STM32F1xx_HAL_Driver/Src/stm32f1xx_hal_cortex.o
                0x0000000008002f32                HAL_NVIC_EnableIRQ
 .text.HAL_SYSTICK_Config
                0x0000000008002f4e       0x18 Drivers/STM32F1xx_HAL_Driver/Src/stm32f1xx_hal_cortex.o
                0x0000000008002f4e                HAL_SYSTICK_Config
 *fill*         0x0000000008002f66        0x2 
 .text.HAL_DMA_Init
                0x0000000008002f68       0xb4 Drivers/STM32F1xx_HAL_Driver/Src/stm32f1xx_hal_dma.o
                0x0000000008002f68                HAL_DMA_Init
 .text.HAL_DMA_Start_IT
                0x000000000800301c       0xbe Drivers/STM32F1xx_HAL_Driver/Src/stm32f1xx_hal_dma.o
                0x000000000800301c                HAL_DMA_Start_IT
 *fill*         0x00000000080030da        0x2 
 .text.HAL_DMA_Abort_IT
                0x00000000080030dc       0xec Drivers/STM32F1xx_HAL_Driver/Src/stm32f1xx_hal_dma.o
                0x00000000080030dc                HAL_DMA_Abort_IT
 .text.HAL_DMA_IRQHandler
                0x00000000080031c8      0x20c Drivers/STM32F1xx_HAL_Driver/Src/stm32f1xx_hal_dma.o
                0x00000000080031c8                HAL_DMA_IRQHandler
 .text.DMA_SetConfig
                0x00000000080033d4       0x5a Drivers/STM32F1xx_HAL_Driver/Src/stm32f1xx_hal_dma.o
 *fill*         0x000000000800342e        0x2 
 .text.HAL_GPIO_Init
                0x0000000008003430      0x308 Drivers/STM32F1xx_HAL_Driver/Src/stm32f1xx_hal_gpio.o
                0x0000000008003430                HAL_GPIO_Init
 .text.HAL_GPIO_WritePin
                0x0000000008003738       0x30 Drivers/STM32F1xx_HAL_Driver/Src/stm32f1xx_hal_gpio.o
                0x0000000008003738                HAL_GPIO_WritePin
 .text.HAL_RCC_OscConfig
                0x0000000008003768      0x500 Drivers/STM32F1xx_HAL_Driver/Src/stm32f1xx_hal_rcc.o
                0x0000000008003768                HAL_RCC_OscConfig
 .text.HAL_RCC_ClockConfig
                0x0000000008003c68      0x1d4 Drivers/STM32F1xx_HAL_Driver/Src/stm32f1xx_hal_rcc.o
                0x0000000008003c68                HAL_RCC_ClockConfig
 .text.HAL_RCC_GetSysClockFreq
                0x0000000008003e3c       0xc0 Drivers/STM32F1xx_HAL_Driver/Src/stm32f1xx_hal_rcc.o
                0x0000000008003e3c                HAL_RCC_GetSysClockFreq
 .text.HAL_RCC_GetHCLKFreq
                0x0000000008003efc       0x14 Drivers/STM32F1xx_HAL_Driver/Src/stm32f1xx_hal_rcc.o
                0x0000000008003efc                HAL_RCC_GetHCLKFreq
 .text.HAL_RCC_GetPCLK1Freq
                0x0000000008003f10       0x28 Drivers/STM32F1xx_HAL_Driver/Src/stm32f1xx_hal_rcc.o
                0x0000000008003f10                HAL_RCC_GetPCLK1Freq
 .text.HAL_RCC_GetPCLK2Freq
                0x0000000008003f38       0x28 Drivers/STM32F1xx_HAL_Driver/Src/stm32f1xx_hal_rcc.o
                0x0000000008003f38                HAL_RCC_GetPCLK2Freq
 .text.RCC_Delay
                0x0000000008003f60       0x3c Drivers/STM32F1xx_HAL_Driver/Src/stm32f1xx_hal_rcc.o
 .text.HAL_TIM_Base_Init
                0x0000000008003f9c       0x9e Drivers/STM32F1xx_HAL_Driver/Src/stm32f1xx_hal_tim.o
                0x0000000008003f9c                HAL_TIM_Base_Init
 *fill*         0x000000000800403a        0x2 
 .text.HAL_TIM_Base_Start_IT
                0x000000000800403c       0xa4 Drivers/STM32F1xx_HAL_Driver/Src/stm32f1xx_hal_tim.o
                0x000000000800403c                HAL_TIM_Base_Start_IT
 .text.HAL_TIM_IRQHandler
                0x00000000080040e0      0x210 Drivers/STM32F1xx_HAL_Driver/Src/stm32f1xx_hal_tim.o
                0x00000000080040e0                HAL_TIM_IRQHandler
 .text.HAL_TIM_ConfigClockSource
                0x00000000080042f0      0x188 Drivers/STM32F1xx_HAL_Driver/Src/stm32f1xx_hal_tim.o
                0x00000000080042f0                HAL_TIM_ConfigClockSource
 .text.HAL_TIM_PeriodElapsedCallback
                0x0000000008004478       0x12 Drivers/STM32F1xx_HAL_Driver/Src/stm32f1xx_hal_tim.o
                0x0000000008004478                HAL_TIM_PeriodElapsedCallback
 .text.HAL_TIM_OC_DelayElapsedCallback
                0x000000000800448a       0x12 Drivers/STM32F1xx_HAL_Driver/Src/stm32f1xx_hal_tim.o
                0x000000000800448a                HAL_TIM_OC_DelayElapsedCallback
 .text.HAL_TIM_IC_CaptureCallback
                0x000000000800449c       0x12 Drivers/STM32F1xx_HAL_Driver/Src/stm32f1xx_hal_tim.o
                0x000000000800449c                HAL_TIM_IC_CaptureCallback
 .text.HAL_TIM_PWM_PulseFinishedCallback
                0x00000000080044ae       0x12 Drivers/STM32F1xx_HAL_Driver/Src/stm32f1xx_hal_tim.o
                0x00000000080044ae                HAL_TIM_PWM_PulseFinishedCallback
 .text.HAL_TIM_TriggerCallback
                0x00000000080044c0       0x12 Drivers/STM32F1xx_HAL_Driver/Src/stm32f1xx_hal_tim.o
                0x00000000080044c0                HAL_TIM_TriggerCallback
 *fill*         0x00000000080044d2        0x2 
 .text.TIM_Base_SetConfig
                0x00000000080044d4       0xc4 Drivers/STM32F1xx_HAL_Driver/Src/stm32f1xx_hal_tim.o
                0x00000000080044d4                TIM_Base_SetConfig
 .text.TIM_TI1_ConfigInputStage
                0x0000000008004598       0x5c Drivers/STM32F1xx_HAL_Driver/Src/stm32f1xx_hal_tim.o
 .text.TIM_TI2_ConfigInputStage
                0x00000000080045f4       0x5e Drivers/STM32F1xx_HAL_Driver/Src/stm32f1xx_hal_tim.o
 .text.TIM_ITRx_SetConfig
                0x0000000008004652       0x34 Drivers/STM32F1xx_HAL_Driver/Src/stm32f1xx_hal_tim.o
 .text.TIM_ETR_SetConfig
                0x0000000008004686       0x3e Drivers/STM32F1xx_HAL_Driver/Src/stm32f1xx_hal_tim.o
                0x0000000008004686                TIM_ETR_SetConfig
 .text.HAL_TIMEx_MasterConfigSynchronization
                0x00000000080046c4       0xbc Drivers/STM32F1xx_HAL_Driver/Src/stm32f1xx_hal_tim_ex.o
                0x00000000080046c4                HAL_TIMEx_MasterConfigSynchronization
 .text.HAL_TIMEx_CommutCallback
                0x0000000008004780       0x12 Drivers/STM32F1xx_HAL_Driver/Src/stm32f1xx_hal_tim_ex.o
                0x0000000008004780                HAL_TIMEx_CommutCallback
 .text.HAL_TIMEx_BreakCallback
                0x0000000008004792       0x12 Drivers/STM32F1xx_HAL_Driver/Src/stm32f1xx_hal_tim_ex.o
                0x0000000008004792                HAL_TIMEx_BreakCallback
 .text.HAL_UART_Init
                0x00000000080047a4       0x9a Drivers/STM32F1xx_HAL_Driver/Src/stm32f1xx_hal_uart.o
                0x00000000080047a4                HAL_UART_Init
 .text.HAL_UART_Transmit_IT
                0x000000000800483e       0x88 Drivers/STM32F1xx_HAL_Driver/Src/stm32f1xx_hal_uart.o
                0x000000000800483e                HAL_UART_Transmit_IT
 *fill*         0x00000000080048c6        0x2 
 .text.HAL_UART_Receive_DMA
                0x00000000080048c8      0x100 Drivers/STM32F1xx_HAL_Driver/Src/stm32f1xx_hal_uart.o
                0x00000000080048c8                HAL_UART_Receive_DMA
 .text.HAL_UART_IRQHandler
                0x00000000080049c8      0x200 Drivers/STM32F1xx_HAL_Driver/Src/stm32f1xx_hal_uart.o
                0x00000000080049c8                HAL_UART_IRQHandler
 .text.HAL_UART_TxCpltCallback
                0x0000000008004bc8       0x12 Drivers/STM32F1xx_HAL_Driver/Src/stm32f1xx_hal_uart.o
                0x0000000008004bc8                HAL_UART_TxCpltCallback
 .text.HAL_UART_RxCpltCallback
                0x0000000008004bda       0x12 Drivers/STM32F1xx_HAL_Driver/Src/stm32f1xx_hal_uart.o
                0x0000000008004bda                HAL_UART_RxCpltCallback
 .text.HAL_UART_RxHalfCpltCallback
                0x0000000008004bec       0x12 Drivers/STM32F1xx_HAL_Driver/Src/stm32f1xx_hal_uart.o
                0x0000000008004bec                HAL_UART_RxHalfCpltCallback
 .text.HAL_UART_ErrorCallback
                0x0000000008004bfe       0x12 Drivers/STM32F1xx_HAL_Driver/Src/stm32f1xx_hal_uart.o
                0x0000000008004bfe                HAL_UART_ErrorCallback
 .text.UART_DMAReceiveCplt
                0x0000000008004c10       0x68 Drivers/STM32F1xx_HAL_Driver/Src/stm32f1xx_hal_uart.o
 .text.UART_DMARxHalfCplt
                0x0000000008004c78       0x1c Drivers/STM32F1xx_HAL_Driver/Src/stm32f1xx_hal_uart.o
 .text.UART_DMAError
                0x0000000008004c94       0x94 Drivers/STM32F1xx_HAL_Driver/Src/stm32f1xx_hal_uart.o
 .text.UART_EndTxTransfer
                0x0000000008004d28       0x2a Drivers/STM32F1xx_HAL_Driver/Src/stm32f1xx_hal_uart.o
 .text.UART_EndRxTransfer
                0x0000000008004d52       0x3a Drivers/STM32F1xx_HAL_Driver/Src/stm32f1xx_hal_uart.o
 .text.UART_DMAAbortOnError
                0x0000000008004d8c       0x28 Drivers/STM32F1xx_HAL_Driver/Src/stm32f1xx_hal_uart.o
 .text.UART_Transmit_IT
                0x0000000008004db4       0x9e Drivers/STM32F1xx_HAL_Driver/Src/stm32f1xx_hal_uart.o
 .text.UART_EndTransmit_IT
                0x0000000008004e52       0x30 Drivers/STM32F1xx_HAL_Driver/Src/stm32f1xx_hal_uart.o
 .text.UART_Receive_IT
                0x0000000008004e82      0x100 Drivers/STM32F1xx_HAL_Driver/Src/stm32f1xx_hal_uart.o
 *fill*         0x0000000008004f82        0x2 
 .text.UART_SetConfig
                0x0000000008004f84      0x11c Drivers/STM32F1xx_HAL_Driver/Src/stm32f1xx_hal_uart.o
 .text.__libc_init_array
                0x00000000080050a0       0x48 d:/programs/stm32cubeide_1.6.0/stm32cubeide/plugins/com.st.stm32cube.ide.mcu.externaltools.gnu-tools-for-stm32.9-2020-q2-update.win32_1.5.0.202011040924/tools/bin/../lib/gcc/arm-none-eabi/9.3.1/../../../../arm-none-eabi/lib/thumb/v7-m/nofp\libc_nano.a(lib_a-init.o)
                0x00000000080050a0                __libc_init_array
 .text.memset   0x00000000080050e8       0x10 d:/programs/stm32cubeide_1.6.0/stm32cubeide/plugins/com.st.stm32cube.ide.mcu.externaltools.gnu-tools-for-stm32.9-2020-q2-update.win32_1.5.0.202011040924/tools/bin/../lib/gcc/arm-none-eabi/9.3.1/../../../../arm-none-eabi/lib/thumb/v7-m/nofp\libc_nano.a(lib_a-memset.o)
                0x00000000080050e8                memset
 *(.glue_7)
 .glue_7        0x00000000080050f8        0x0 linker stubs
 *(.glue_7t)
 .glue_7t       0x00000000080050f8        0x0 linker stubs
 *(.eh_frame)
 .eh_frame      0x00000000080050f8        0x0 d:/programs/stm32cubeide_1.6.0/stm32cubeide/plugins/com.st.stm32cube.ide.mcu.externaltools.gnu-tools-for-stm32.9-2020-q2-update.win32_1.5.0.202011040924/tools/bin/../lib/gcc/arm-none-eabi/9.3.1/thumb/v7-m/nofp/crtbegin.o
 *(.init)
 .init          0x00000000080050f8        0x4 d:/programs/stm32cubeide_1.6.0/stm32cubeide/plugins/com.st.stm32cube.ide.mcu.externaltools.gnu-tools-for-stm32.9-2020-q2-update.win32_1.5.0.202011040924/tools/bin/../lib/gcc/arm-none-eabi/9.3.1/thumb/v7-m/nofp/crti.o
                0x00000000080050f8                _init
 .init          0x00000000080050fc        0x8 d:/programs/stm32cubeide_1.6.0/stm32cubeide/plugins/com.st.stm32cube.ide.mcu.externaltools.gnu-tools-for-stm32.9-2020-q2-update.win32_1.5.0.202011040924/tools/bin/../lib/gcc/arm-none-eabi/9.3.1/thumb/v7-m/nofp/crtn.o
 *(.fini)
 .fini          0x0000000008005104        0x4 d:/programs/stm32cubeide_1.6.0/stm32cubeide/plugins/com.st.stm32cube.ide.mcu.externaltools.gnu-tools-for-stm32.9-2020-q2-update.win32_1.5.0.202011040924/tools/bin/../lib/gcc/arm-none-eabi/9.3.1/thumb/v7-m/nofp/crti.o
                0x0000000008005104                _fini
 .fini          0x0000000008005108        0x8 d:/programs/stm32cubeide_1.6.0/stm32cubeide/plugins/com.st.stm32cube.ide.mcu.externaltools.gnu-tools-for-stm32.9-2020-q2-update.win32_1.5.0.202011040924/tools/bin/../lib/gcc/arm-none-eabi/9.3.1/thumb/v7-m/nofp/crtn.o
                0x0000000008005110                . = ALIGN (0x4)
                0x0000000008005110                _etext = .

.vfp11_veneer   0x0000000008005110        0x0
 .vfp11_veneer  0x0000000008005110        0x0 linker stubs

.v4_bx          0x0000000008005110        0x0
 .v4_bx         0x0000000008005110        0x0 linker stubs

.iplt           0x0000000008005110        0x0
 .iplt          0x0000000008005110        0x0 d:/programs/stm32cubeide_1.6.0/stm32cubeide/plugins/com.st.stm32cube.ide.mcu.externaltools.gnu-tools-for-stm32.9-2020-q2-update.win32_1.5.0.202011040924/tools/bin/../lib/gcc/arm-none-eabi/9.3.1/thumb/v7-m/nofp/crtbegin.o

.rodata         0x0000000008005110       0x28
                0x0000000008005110                . = ALIGN (0x4)
 *(.rodata)
 .rodata        0x0000000008005110       0x10 Drivers/STM32F1xx_HAL_Driver/Src/stm32f1xx_hal_rcc.o
 *(.rodata*)
 .rodata.AHBPrescTable
                0x0000000008005120       0x10 Core/Src/system_stm32f1xx.o
                0x0000000008005120                AHBPrescTable
 .rodata.APBPrescTable
                0x0000000008005130        0x8 Core/Src/system_stm32f1xx.o
                0x0000000008005130                APBPrescTable
                0x0000000008005138                . = ALIGN (0x4)

.rel.dyn        0x0000000008005138        0x0
 .rel.iplt      0x0000000008005138        0x0 d:/programs/stm32cubeide_1.6.0/stm32cubeide/plugins/com.st.stm32cube.ide.mcu.externaltools.gnu-tools-for-stm32.9-2020-q2-update.win32_1.5.0.202011040924/tools/bin/../lib/gcc/arm-none-eabi/9.3.1/thumb/v7-m/nofp/crtbegin.o

.ARM.extab      0x0000000008005138        0x0
                0x0000000008005138                . = ALIGN (0x4)
 *(.ARM.extab* .gnu.linkonce.armextab.*)
                0x0000000008005138                . = ALIGN (0x4)

.ARM            0x0000000008005138        0x0
                0x0000000008005138                . = ALIGN (0x4)
                0x0000000008005138                __exidx_start = .
 *(.ARM.exidx*)
                0x0000000008005138                __exidx_end = .
                0x0000000008005138                . = ALIGN (0x4)

.preinit_array  0x0000000008005138        0x0
                0x0000000008005138                . = ALIGN (0x4)
                0x0000000008005138                PROVIDE (__preinit_array_start = .)
 *(.preinit_array*)
                0x0000000008005138                PROVIDE (__preinit_array_end = .)
                0x0000000008005138                . = ALIGN (0x4)

.init_array     0x0000000008005138        0x4
                0x0000000008005138                . = ALIGN (0x4)
                0x0000000008005138                PROVIDE (__init_array_start = .)
 *(SORT_BY_NAME(.init_array.*))
 *(.init_array*)
 .init_array    0x0000000008005138        0x4 d:/programs/stm32cubeide_1.6.0/stm32cubeide/plugins/com.st.stm32cube.ide.mcu.externaltools.gnu-tools-for-stm32.9-2020-q2-update.win32_1.5.0.202011040924/tools/bin/../lib/gcc/arm-none-eabi/9.3.1/thumb/v7-m/nofp/crtbegin.o
                0x000000000800513c                PROVIDE (__init_array_end = .)
                0x000000000800513c                . = ALIGN (0x4)

.fini_array     0x000000000800513c        0x4
                0x000000000800513c                . = ALIGN (0x4)
                [!provide]                        PROVIDE (__fini_array_start = .)
 *(SORT_BY_NAME(.fini_array.*))
 *(.fini_array*)
 .fini_array    0x000000000800513c        0x4 d:/programs/stm32cubeide_1.6.0/stm32cubeide/plugins/com.st.stm32cube.ide.mcu.externaltools.gnu-tools-for-stm32.9-2020-q2-update.win32_1.5.0.202011040924/tools/bin/../lib/gcc/arm-none-eabi/9.3.1/thumb/v7-m/nofp/crtbegin.o
                [!provide]                        PROVIDE (__fini_array_end = .)
                0x0000000008005140                . = ALIGN (0x4)
                0x0000000008005140                _sidata = LOADADDR (.data)

.data           0x0000000020000000      0x954 load address 0x0000000008005140
                0x0000000020000000                . = ALIGN (0x4)
                0x0000000020000000                _sdata = .
 *(.data)
 *(.data*)
 .data.st1      0x0000000020000000        0x6 Core/Src/main.o
                0x0000000020000000                st1
 *fill*         0x0000000020000006        0x2 
 .data.m1       0x0000000020000008       0x40 Core/Src/stm32f1xx_it.o
                0x0000000020000008                m1
 .data.symbolMatrix_A
                0x0000000020000048       0x40 Core/Src/symbols.o
                0x0000000020000048                symbolMatrix_A
 .data.symbolMatrix_B
                0x0000000020000088       0x40 Core/Src/symbols.o
                0x0000000020000088                symbolMatrix_B
 .data.symbolMatrix_C
                0x00000000200000c8       0x40 Core/Src/symbols.o
                0x00000000200000c8                symbolMatrix_C
 .data.symbolMatrix_D
                0x0000000020000108       0x40 Core/Src/symbols.o
                0x0000000020000108                symbolMatrix_D
 .data.symbolMatrix_E
                0x0000000020000148       0x40 Core/Src/symbols.o
                0x0000000020000148                symbolMatrix_E
 .data.symbolMatrix_F
                0x0000000020000188       0x40 Core/Src/symbols.o
                0x0000000020000188                symbolMatrix_F
 .data.symbolMatrix_G
                0x00000000200001c8       0x40 Core/Src/symbols.o
                0x00000000200001c8                symbolMatrix_G
 .data.symbolMatrix_H
                0x0000000020000208       0x40 Core/Src/symbols.o
                0x0000000020000208                symbolMatrix_H
 .data.symbolMatrix_I
                0x0000000020000248       0x40 Core/Src/symbols.o
                0x0000000020000248                symbolMatrix_I
 .data.symbolMatrix_J
                0x0000000020000288       0x40 Core/Src/symbols.o
                0x0000000020000288                symbolMatrix_J
 .data.symbolMatrix_K
                0x00000000200002c8       0x40 Core/Src/symbols.o
                0x00000000200002c8                symbolMatrix_K
 .data.symbolMatrix_L
                0x0000000020000308       0x40 Core/Src/symbols.o
                0x0000000020000308                symbolMatrix_L
 .data.symbolMatrix_M
                0x0000000020000348       0x40 Core/Src/symbols.o
                0x0000000020000348                symbolMatrix_M
 .data.symbolMatrix_N
                0x0000000020000388       0x40 Core/Src/symbols.o
                0x0000000020000388                symbolMatrix_N
 .data.symbolMatrix_O
                0x00000000200003c8       0x40 Core/Src/symbols.o
                0x00000000200003c8                symbolMatrix_O
 .data.symbolMatrix_P
                0x0000000020000408       0x40 Core/Src/symbols.o
                0x0000000020000408                symbolMatrix_P
 .data.symbolMatrix_Q
                0x0000000020000448       0x40 Core/Src/symbols.o
                0x0000000020000448                symbolMatrix_Q
 .data.symbolMatrix_R
                0x0000000020000488       0x40 Core/Src/symbols.o
                0x0000000020000488                symbolMatrix_R
 .data.symbolMatrix_S
                0x00000000200004c8       0x40 Core/Src/symbols.o
                0x00000000200004c8                symbolMatrix_S
 .data.symbolMatrix_T
                0x0000000020000508       0x40 Core/Src/symbols.o
                0x0000000020000508                symbolMatrix_T
 .data.symbolMatrix_U
                0x0000000020000548       0x40 Core/Src/symbols.o
                0x0000000020000548                symbolMatrix_U
 .data.symbolMatrix_V
                0x0000000020000588       0x40 Core/Src/symbols.o
                0x0000000020000588                symbolMatrix_V
 .data.symbolMatrix_W
                0x00000000200005c8       0x40 Core/Src/symbols.o
                0x00000000200005c8                symbolMatrix_W
 .data.symbolMatrix_X
                0x0000000020000608       0x40 Core/Src/symbols.o
                0x0000000020000608                symbolMatrix_X
 .data.symbolMatrix_Y
                0x0000000020000648       0x40 Core/Src/symbols.o
                0x0000000020000648                symbolMatrix_Y
 .data.symbolMatrix_Z
                0x0000000020000688       0x40 Core/Src/symbols.o
                0x0000000020000688                symbolMatrix_Z
 .data.symbolMatrix_0
                0x00000000200006c8       0x40 Core/Src/symbols.o
                0x00000000200006c8                symbolMatrix_0
 .data.symbolMatrix_1
                0x0000000020000708       0x40 Core/Src/symbols.o
                0x0000000020000708                symbolMatrix_1
 .data.symbolMatrix_2
                0x0000000020000748       0x40 Core/Src/symbols.o
                0x0000000020000748                symbolMatrix_2
 .data.symbolMatrix_3
                0x0000000020000788       0x40 Core/Src/symbols.o
                0x0000000020000788                symbolMatrix_3
 .data.symbolMatrix_4
                0x00000000200007c8       0x40 Core/Src/symbols.o
                0x00000000200007c8                symbolMatrix_4
 .data.symbolMatrix_5
                0x0000000020000808       0x40 Core/Src/symbols.o
                0x0000000020000808                symbolMatrix_5
 .data.symbolMatrix_6
                0x0000000020000848       0x40 Core/Src/symbols.o
                0x0000000020000848                symbolMatrix_6
 .data.symbolMatrix_7
                0x0000000020000888       0x40 Core/Src/symbols.o
                0x0000000020000888                symbolMatrix_7
 .data.symbolMatrix_8
                0x00000000200008c8       0x40 Core/Src/symbols.o
                0x00000000200008c8                symbolMatrix_8
 .data.symbolMatrix_9
                0x0000000020000908       0x40 Core/Src/symbols.o
                0x0000000020000908                symbolMatrix_9
 .data.SystemCoreClock
                0x0000000020000948        0x4 Core/Src/system_stm32f1xx.o
                0x0000000020000948                SystemCoreClock
 .data.uwTickPrio
                0x000000002000094c        0x4 Drivers/STM32F1xx_HAL_Driver/Src/stm32f1xx_hal.o
                0x000000002000094c                uwTickPrio
 .data.uwTickFreq
                0x0000000020000950        0x1 Drivers/STM32F1xx_HAL_Driver/Src/stm32f1xx_hal.o
                0x0000000020000950                uwTickFreq
 *(.RamFunc)
 *(.RamFunc*)
                0x0000000020000954                . = ALIGN (0x4)
 *fill*         0x0000000020000951        0x3 
                0x0000000020000954                _edata = .

.igot.plt       0x0000000020000954        0x0 load address 0x0000000008005a94
 .igot.plt      0x0000000020000954        0x0 d:/programs/stm32cubeide_1.6.0/stm32cubeide/plugins/com.st.stm32cube.ide.mcu.externaltools.gnu-tools-for-stm32.9-2020-q2-update.win32_1.5.0.202011040924/tools/bin/../lib/gcc/arm-none-eabi/9.3.1/thumb/v7-m/nofp/crtbegin.o
                0x0000000020000954                . = ALIGN (0x4)

.bss            0x0000000020000954      0x204 load address 0x0000000008005a94
                0x0000000020000954                _sbss = .
                0x0000000020000954                __bss_start__ = _sbss
 *(.bss)
 .bss           0x0000000020000954       0x1c d:/programs/stm32cubeide_1.6.0/stm32cubeide/plugins/com.st.stm32cube.ide.mcu.externaltools.gnu-tools-for-stm32.9-2020-q2-update.win32_1.5.0.202011040924/tools/bin/../lib/gcc/arm-none-eabi/9.3.1/thumb/v7-m/nofp/crtbegin.o
 *(.bss*)
 .bss.st        0x0000000020000970       0x20 Core/Src/main.o
                0x0000000020000970                st
 .bss.counter   0x0000000020000990        0x1 Core/Src/main.o
                0x0000000020000990                counter
 .bss.s         0x0000000020000991        0x1 Core/Src/main.o
                0x0000000020000991                s
 .bss.count     0x0000000020000992        0x1 Core/Src/stm32f1xx_it.o
                0x0000000020000992                count
 .bss.i         0x0000000020000993        0x1 Core/Src/stm32f1xx_it.o
                0x0000000020000993                i
 .bss.j         0x0000000020000994        0x1 Core/Src/stm32f1xx_it.o
                0x0000000020000994                j
 .bss.k         0x0000000020000995        0x1 Core/Src/stm32f1xx_it.o
                0x0000000020000995                k
 .bss.col       0x0000000020000996        0x1 Core/Src/stm32f1xx_it.o
                0x0000000020000996                col
 .bss.l         0x0000000020000997        0x1 Core/Src/stm32f1xx_it.o
                0x0000000020000997                l
 .bss.frame     0x0000000020000998        0x1 Core/Src/stm32f1xx_it.o
                0x0000000020000998                frame
 *fill*         0x0000000020000999        0x3 
 .bss.m         0x000000002000099c       0x40 Core/Src/stm32f1xx_it.o
                0x000000002000099c                m
 .bss.n         0x00000000200009dc       0x40 Core/Src/symbols.o
                0x00000000200009dc                n
 *(COMMON)
 COMMON         0x0000000020000a1c      0x114 Core/Src/main.o
                0x0000000020000a1c                hdma_usart3_rx
                0x0000000020000a60                huart3
                0x0000000020000aa0                htim3
                0x0000000020000ae8                htim2
 COMMON         0x0000000020000b30       0x24 Core/Src/stm32f1xx_it.o
                0x0000000020000b30                string
                0x0000000020000b50                strl
 COMMON         0x0000000020000b54        0x4 Drivers/STM32F1xx_HAL_Driver/Src/stm32f1xx_hal.o
                0x0000000020000b54                uwTick
                0x0000000020000b58                . = ALIGN (0x4)
                0x0000000020000b58                _ebss = .
                0x0000000020000b58                __bss_end__ = _ebss

._user_heap_stack
                0x0000000020000b58      0x600 load address 0x0000000008005a94
                0x0000000020000b58                . = ALIGN (0x8)
                [!provide]                        PROVIDE (end = .)
                0x0000000020000b58                PROVIDE (_end = .)
                0x0000000020000d58                . = (. + _Min_Heap_Size)
 *fill*         0x0000000020000b58      0x200 
                0x0000000020001158                . = (. + _Min_Stack_Size)
 *fill*         0x0000000020000d58      0x400 
                0x0000000020001158                . = ALIGN (0x8)

/DISCARD/
 libc.a(*)
 libm.a(*)
 libgcc.a(*)

.ARM.attributes
                0x0000000000000000       0x29
 *(.ARM.attributes)
 .ARM.attributes
                0x0000000000000000       0x1d d:/programs/stm32cubeide_1.6.0/stm32cubeide/plugins/com.st.stm32cube.ide.mcu.externaltools.gnu-tools-for-stm32.9-2020-q2-update.win32_1.5.0.202011040924/tools/bin/../lib/gcc/arm-none-eabi/9.3.1/thumb/v7-m/nofp/crti.o
 .ARM.attributes
                0x000000000000001d       0x2d d:/programs/stm32cubeide_1.6.0/stm32cubeide/plugins/com.st.stm32cube.ide.mcu.externaltools.gnu-tools-for-stm32.9-2020-q2-update.win32_1.5.0.202011040924/tools/bin/../lib/gcc/arm-none-eabi/9.3.1/thumb/v7-m/nofp/crtbegin.o
 .ARM.attributes
                0x000000000000004a       0x2d Core/Src/led.o
 .ARM.attributes
                0x0000000000000077       0x2d Core/Src/main.o
 .ARM.attributes
                0x00000000000000a4       0x2d Core/Src/stm32f1xx_hal_msp.o
 .ARM.attributes
                0x00000000000000d1       0x2d Core/Src/stm32f1xx_it.o
 .ARM.attributes
                0x00000000000000fe       0x2d Core/Src/symbols.o
 .ARM.attributes
                0x000000000000012b       0x2d Core/Src/system_stm32f1xx.o
 .ARM.attributes
                0x0000000000000158       0x21 Core/Startup/startup_stm32f103rbtx.o
 .ARM.attributes
                0x0000000000000179       0x2d Drivers/STM32F1xx_HAL_Driver/Src/stm32f1xx_hal.o
 .ARM.attributes
                0x00000000000001a6       0x2d Drivers/STM32F1xx_HAL_Driver/Src/stm32f1xx_hal_cortex.o
 .ARM.attributes
                0x00000000000001d3       0x2d Drivers/STM32F1xx_HAL_Driver/Src/stm32f1xx_hal_dma.o
 .ARM.attributes
                0x0000000000000200       0x2d Drivers/STM32F1xx_HAL_Driver/Src/stm32f1xx_hal_gpio.o
 .ARM.attributes
                0x000000000000022d       0x2d Drivers/STM32F1xx_HAL_Driver/Src/stm32f1xx_hal_rcc.o
 .ARM.attributes
                0x000000000000025a       0x2d Drivers/STM32F1xx_HAL_Driver/Src/stm32f1xx_hal_tim.o
 .ARM.attributes
                0x0000000000000287       0x2d Drivers/STM32F1xx_HAL_Driver/Src/stm32f1xx_hal_tim_ex.o
 .ARM.attributes
                0x00000000000002b4       0x2d Drivers/STM32F1xx_HAL_Driver/Src/stm32f1xx_hal_uart.o
 .ARM.attributes
                0x00000000000002e1       0x2d d:/programs/stm32cubeide_1.6.0/stm32cubeide/plugins/com.st.stm32cube.ide.mcu.externaltools.gnu-tools-for-stm32.9-2020-q2-update.win32_1.5.0.202011040924/tools/bin/../lib/gcc/arm-none-eabi/9.3.1/../../../../arm-none-eabi/lib/thumb/v7-m/nofp\libc_nano.a(lib_a-init.o)
 .ARM.attributes
                0x000000000000030e       0x2d d:/programs/stm32cubeide_1.6.0/stm32cubeide/plugins/com.st.stm32cube.ide.mcu.externaltools.gnu-tools-for-stm32.9-2020-q2-update.win32_1.5.0.202011040924/tools/bin/../lib/gcc/arm-none-eabi/9.3.1/../../../../arm-none-eabi/lib/thumb/v7-m/nofp\libc_nano.a(lib_a-memset.o)
 .ARM.attributes
                0x000000000000033b       0x17 d:/programs/stm32cubeide_1.6.0/stm32cubeide/plugins/com.st.stm32cube.ide.mcu.externaltools.gnu-tools-for-stm32.9-2020-q2-update.win32_1.5.0.202011040924/tools/bin/../lib/gcc/arm-none-eabi/9.3.1/../../../../arm-none-eabi/lib/thumb/v7-m/nofp\libc_nano.a(lib_a-strlen.o)
 .ARM.attributes
                0x0000000000000352       0x1d d:/programs/stm32cubeide_1.6.0/stm32cubeide/plugins/com.st.stm32cube.ide.mcu.externaltools.gnu-tools-for-stm32.9-2020-q2-update.win32_1.5.0.202011040924/tools/bin/../lib/gcc/arm-none-eabi/9.3.1/thumb/v7-m/nofp/crtn.o
OUTPUT(test01.elf elf32-littlearm)
LOAD linker stubs
LOAD d:/programs/stm32cubeide_1.6.0/stm32cubeide/plugins/com.st.stm32cube.ide.mcu.externaltools.gnu-tools-for-stm32.9-2020-q2-update.win32_1.5.0.202011040924/tools/bin/../lib/gcc/arm-none-eabi/9.3.1/../../../../arm-none-eabi/lib/thumb/v7-m/nofp\libc.a
LOAD d:/programs/stm32cubeide_1.6.0/stm32cubeide/plugins/com.st.stm32cube.ide.mcu.externaltools.gnu-tools-for-stm32.9-2020-q2-update.win32_1.5.0.202011040924/tools/bin/../lib/gcc/arm-none-eabi/9.3.1/../../../../arm-none-eabi/lib/thumb/v7-m/nofp\libm.a
LOAD d:/programs/stm32cubeide_1.6.0/stm32cubeide/plugins/com.st.stm32cube.ide.mcu.externaltools.gnu-tools-for-stm32.9-2020-q2-update.win32_1.5.0.202011040924/tools/bin/../lib/gcc/arm-none-eabi/9.3.1/thumb/v7-m/nofp\libgcc.a

.debug_info     0x0000000000000000     0xde52
 .debug_info    0x0000000000000000      0xe2c Core/Src/led.o
 .debug_info    0x0000000000000e2c     0x1b9c Core/Src/main.o
 .debug_info    0x00000000000029c8     0x10e8 Core/Src/stm32f1xx_hal_msp.o
 .debug_info    0x0000000000003ab0     0x1685 Core/Src/stm32f1xx_it.o
 .debug_info    0x0000000000005135      0xd50 Core/Src/symbols.o
 .debug_info    0x0000000000005e85      0x2be Core/Src/system_stm32f1xx.o
 .debug_info    0x0000000000006143       0x22 Core/Startup/startup_stm32f103rbtx.o
 .debug_info    0x0000000000006165      0x76a Drivers/STM32F1xx_HAL_Driver/Src/stm32f1xx_hal.o
 .debug_info    0x00000000000068cf      0xbdc Drivers/STM32F1xx_HAL_Driver/Src/stm32f1xx_hal_cortex.o
 .debug_info    0x00000000000074ab      0x81e Drivers/STM32F1xx_HAL_Driver/Src/stm32f1xx_hal_dma.o
 .debug_info    0x0000000000007cc9      0x701 Drivers/STM32F1xx_HAL_Driver/Src/stm32f1xx_hal_gpio.o
 .debug_info    0x00000000000083ca      0x88e Drivers/STM32F1xx_HAL_Driver/Src/stm32f1xx_hal_rcc.o
 .debug_info    0x0000000000008c58     0x2a43 Drivers/STM32F1xx_HAL_Driver/Src/stm32f1xx_hal_tim.o
 .debug_info    0x000000000000b69b     0x1495 Drivers/STM32F1xx_HAL_Driver/Src/stm32f1xx_hal_tim_ex.o
 .debug_info    0x000000000000cb30     0x1322 Drivers/STM32F1xx_HAL_Driver/Src/stm32f1xx_hal_uart.o

.debug_abbrev   0x0000000000000000     0x1f94
 .debug_abbrev  0x0000000000000000      0x259 Core/Src/led.o
 .debug_abbrev  0x0000000000000259      0x2e6 Core/Src/main.o
 .debug_abbrev  0x000000000000053f      0x1ee Core/Src/stm32f1xx_hal_msp.o
 .debug_abbrev  0x000000000000072d      0x233 Core/Src/stm32f1xx_it.o
 .debug_abbrev  0x0000000000000960      0x21d Core/Src/symbols.o
 .debug_abbrev  0x0000000000000b7d      0x14e Core/Src/system_stm32f1xx.o
 .debug_abbrev  0x0000000000000ccb       0x12 Core/Startup/startup_stm32f103rbtx.o
 .debug_abbrev  0x0000000000000cdd      0x1ed Drivers/STM32F1xx_HAL_Driver/Src/stm32f1xx_hal.o
 .debug_abbrev  0x0000000000000eca      0x313 Drivers/STM32F1xx_HAL_Driver/Src/stm32f1xx_hal_cortex.o
 .debug_abbrev  0x00000000000011dd      0x228 Drivers/STM32F1xx_HAL_Driver/Src/stm32f1xx_hal_dma.o
 .debug_abbrev  0x0000000000001405      0x1e8 Drivers/STM32F1xx_HAL_Driver/Src/stm32f1xx_hal_gpio.o
 .debug_abbrev  0x00000000000015ed      0x273 Drivers/STM32F1xx_HAL_Driver/Src/stm32f1xx_hal_rcc.o
 .debug_abbrev  0x0000000000001860      0x25e Drivers/STM32F1xx_HAL_Driver/Src/stm32f1xx_hal_tim.o
 .debug_abbrev  0x0000000000001abe      0x266 Drivers/STM32F1xx_HAL_Driver/Src/stm32f1xx_hal_tim_ex.o
 .debug_abbrev  0x0000000000001d24      0x270 Drivers/STM32F1xx_HAL_Driver/Src/stm32f1xx_hal_uart.o

.debug_aranges  0x0000000000000000      0xc10
 .debug_aranges
                0x0000000000000000       0x30 Core/Src/led.o
 .debug_aranges
                0x0000000000000030       0x58 Core/Src/main.o
 .debug_aranges
                0x0000000000000088       0x40 Core/Src/stm32f1xx_hal_msp.o
 .debug_aranges
                0x00000000000000c8       0x80 Core/Src/stm32f1xx_it.o
 .debug_aranges
                0x0000000000000148       0x28 Core/Src/symbols.o
 .debug_aranges
                0x0000000000000170       0x28 Core/Src/system_stm32f1xx.o
 .debug_aranges
                0x0000000000000198       0x28 Core/Startup/startup_stm32f103rbtx.o
 .debug_aranges
                0x00000000000001c0       0xe0 Drivers/STM32F1xx_HAL_Driver/Src/stm32f1xx_hal.o
 .debug_aranges
                0x00000000000002a0      0x100 Drivers/STM32F1xx_HAL_Driver/Src/stm32f1xx_hal_cortex.o
 .debug_aranges
                0x00000000000003a0       0x80 Drivers/STM32F1xx_HAL_Driver/Src/stm32f1xx_hal_dma.o
 .debug_aranges
                0x0000000000000420       0x58 Drivers/STM32F1xx_HAL_Driver/Src/stm32f1xx_hal_gpio.o
 .debug_aranges
                0x0000000000000478       0x90 Drivers/STM32F1xx_HAL_Driver/Src/stm32f1xx_hal_rcc.o
 .debug_aranges
                0x0000000000000508      0x3d0 Drivers/STM32F1xx_HAL_Driver/Src/stm32f1xx_hal_tim.o
 .debug_aranges
                0x00000000000008d8      0x168 Drivers/STM32F1xx_HAL_Driver/Src/stm32f1xx_hal_tim_ex.o
 .debug_aranges
                0x0000000000000a40      0x1d0 Drivers/STM32F1xx_HAL_Driver/Src/stm32f1xx_hal_uart.o

.debug_ranges   0x0000000000000000      0xb28
 .debug_ranges  0x0000000000000000       0x20 Core/Src/led.o
 .debug_ranges  0x0000000000000020       0x48 Core/Src/main.o
 .debug_ranges  0x0000000000000068       0x30 Core/Src/stm32f1xx_hal_msp.o
 .debug_ranges  0x0000000000000098       0x70 Core/Src/stm32f1xx_it.o
 .debug_ranges  0x0000000000000108       0x18 Core/Src/symbols.o
 .debug_ranges  0x0000000000000120       0x18 Core/Src/system_stm32f1xx.o
 .debug_ranges  0x0000000000000138       0x20 Core/Startup/startup_stm32f103rbtx.o
 .debug_ranges  0x0000000000000158       0xd0 Drivers/STM32F1xx_HAL_Driver/Src/stm32f1xx_hal.o
 .debug_ranges  0x0000000000000228       0xf0 Drivers/STM32F1xx_HAL_Driver/Src/stm32f1xx_hal_cortex.o
 .debug_ranges  0x0000000000000318       0x70 Drivers/STM32F1xx_HAL_Driver/Src/stm32f1xx_hal_dma.o
 .debug_ranges  0x0000000000000388       0x48 Drivers/STM32F1xx_HAL_Driver/Src/stm32f1xx_hal_gpio.o
 .debug_ranges  0x00000000000003d0       0x80 Drivers/STM32F1xx_HAL_Driver/Src/stm32f1xx_hal_rcc.o
 .debug_ranges  0x0000000000000450      0x3c0 Drivers/STM32F1xx_HAL_Driver/Src/stm32f1xx_hal_tim.o
 .debug_ranges  0x0000000000000810      0x158 Drivers/STM32F1xx_HAL_Driver/Src/stm32f1xx_hal_tim_ex.o
 .debug_ranges  0x0000000000000968      0x1c0 Drivers/STM32F1xx_HAL_Driver/Src/stm32f1xx_hal_uart.o

.debug_macro    0x0000000000000000    0x17c84
 .debug_macro   0x0000000000000000      0x2e8 Core/Src/led.o
 .debug_macro   0x00000000000002e8      0xa9c Core/Src/led.o
 .debug_macro   0x0000000000000d84      0x221 Core/Src/led.o
 .debug_macro   0x0000000000000fa5       0x2e Core/Src/led.o
 .debug_macro   0x0000000000000fd3       0x22 Core/Src/led.o
 .debug_macro   0x0000000000000ff5       0x22 Core/Src/led.o
 .debug_macro   0x0000000000001017       0x8e Core/Src/led.o
 .debug_macro   0x00000000000010a5       0x51 Core/Src/led.o
 .debug_macro   0x00000000000010f6      0x103 Core/Src/led.o
 .debug_macro   0x00000000000011f9       0x6a Core/Src/led.o
 .debug_macro   0x0000000000001263      0x1df Core/Src/led.o
 .debug_macro   0x0000000000001442       0x1c Core/Src/led.o
 .debug_macro   0x000000000000145e       0x22 Core/Src/led.o
 .debug_macro   0x0000000000001480       0xc3 Core/Src/led.o
 .debug_macro   0x0000000000001543      0xd23 Core/Src/led.o
 .debug_macro   0x0000000000002266     0xe097 Core/Src/led.o
 .debug_macro   0x00000000000102fd       0x43 Core/Src/led.o
 .debug_macro   0x0000000000010340     0x3468 Core/Src/led.o
 .debug_macro   0x00000000000137a8      0x174 Core/Src/led.o
 .debug_macro   0x000000000001391c       0x5c Core/Src/led.o
 .debug_macro   0x0000000000013978      0x5be Core/Src/led.o
 .debug_macro   0x0000000000013f36      0x289 Core/Src/led.o
 .debug_macro   0x00000000000141bf      0x1cb Core/Src/led.o
 .debug_macro   0x000000000001438a      0x114 Core/Src/led.o
 .debug_macro   0x000000000001449e      0x1b2 Core/Src/led.o
 .debug_macro   0x0000000000014650       0x27 Core/Src/led.o
 .debug_macro   0x0000000000014677      0x136 Core/Src/led.o
 .debug_macro   0x00000000000147ad      0x1bc Core/Src/led.o
 .debug_macro   0x0000000000014969       0x34 Core/Src/led.o
 .debug_macro   0x000000000001499d       0x3c Core/Src/led.o
 .debug_macro   0x00000000000149d9       0x57 Core/Src/led.o
 .debug_macro   0x0000000000014a30       0x88 Core/Src/led.o
 .debug_macro   0x0000000000014ab8      0x241 Core/Src/led.o
 .debug_macro   0x0000000000014cf9      0x141 Core/Src/led.o
 .debug_macro   0x0000000000014e3a      0x8d1 Core/Src/led.o
 .debug_macro   0x000000000001570b      0x26b Core/Src/led.o
 .debug_macro   0x0000000000015976       0x83 Core/Src/led.o
 .debug_macro   0x00000000000159f9       0x10 Core/Src/led.o
 .debug_macro   0x0000000000015a09       0xe8 Core/Src/led.o
 .debug_macro   0x0000000000015af1       0x94 Core/Src/led.o
 .debug_macro   0x0000000000015b85       0x52 Core/Src/led.o
 .debug_macro   0x0000000000015bd7       0x18 Core/Src/led.o
 .debug_macro   0x0000000000015bef       0x3c Core/Src/led.o
 .debug_macro   0x0000000000015c2b       0x34 Core/Src/led.o
 .debug_macro   0x0000000000015c5f       0x16 Core/Src/led.o
 .debug_macro   0x0000000000015c75       0x43 Core/Src/led.o
 .debug_macro   0x0000000000015cb8       0x34 Core/Src/led.o
 .debug_macro   0x0000000000015cec       0x10 Core/Src/led.o
 .debug_macro   0x0000000000015cfc       0x58 Core/Src/led.o
 .debug_macro   0x0000000000015d54       0x71 Core/Src/led.o
 .debug_macro   0x0000000000015dc5       0x1c Core/Src/led.o
 .debug_macro   0x0000000000015de1      0x12a Core/Src/led.o
 .debug_macro   0x0000000000015f0b      0x333 Core/Src/led.o
 .debug_macro   0x000000000001623e       0x10 Core/Src/led.o
 .debug_macro   0x000000000001624e       0x35 Core/Src/led.o
 .debug_macro   0x0000000000016283       0x20 Core/Src/led.o
 .debug_macro   0x00000000000162a3       0x16 Core/Src/led.o
 .debug_macro   0x00000000000162b9       0x16 Core/Src/led.o
 .debug_macro   0x00000000000162cf       0x29 Core/Src/led.o
 .debug_macro   0x00000000000162f8      0x2e4 Core/Src/main.o
 .debug_macro   0x00000000000165dc      0x1e2 Core/Src/stm32f1xx_hal_msp.o
 .debug_macro   0x00000000000167be      0x2ba Core/Src/stm32f1xx_it.o
 .debug_macro   0x0000000000016a78      0x2ae Core/Src/symbols.o
 .debug_macro   0x0000000000016d26      0x1a3 Core/Src/system_stm32f1xx.o
 .debug_macro   0x0000000000016ec9      0x1c7 Drivers/STM32F1xx_HAL_Driver/Src/stm32f1xx_hal.o
 .debug_macro   0x0000000000017090      0x1a3 Drivers/STM32F1xx_HAL_Driver/Src/stm32f1xx_hal_cortex.o
 .debug_macro   0x0000000000017233      0x1a3 Drivers/STM32F1xx_HAL_Driver/Src/stm32f1xx_hal_dma.o
 .debug_macro   0x00000000000173d6      0x20e Drivers/STM32F1xx_HAL_Driver/Src/stm32f1xx_hal_gpio.o
 .debug_macro   0x00000000000175e4      0x1b5 Drivers/STM32F1xx_HAL_Driver/Src/stm32f1xx_hal_rcc.o
 .debug_macro   0x0000000000017799      0x1a4 Drivers/STM32F1xx_HAL_Driver/Src/stm32f1xx_hal_tim.o
 .debug_macro   0x000000000001793d      0x1a3 Drivers/STM32F1xx_HAL_Driver/Src/stm32f1xx_hal_tim_ex.o
 .debug_macro   0x0000000000017ae0      0x1a4 Drivers/STM32F1xx_HAL_Driver/Src/stm32f1xx_hal_uart.o

.debug_line     0x0000000000000000     0xe4c0
 .debug_line    0x0000000000000000      0xa6c Core/Src/led.o
 .debug_line    0x0000000000000a6c      0xa6c Core/Src/main.o
 .debug_line    0x00000000000014d8      0x796 Core/Src/stm32f1xx_hal_msp.o
 .debug_line    0x0000000000001c6e     0x198c Core/Src/stm32f1xx_it.o
 .debug_line    0x00000000000035fa      0x9f2 Core/Src/symbols.o
 .debug_line    0x0000000000003fec      0x713 Core/Src/system_stm32f1xx.o
 .debug_line    0x00000000000046ff       0x84 Core/Startup/startup_stm32f103rbtx.o
 .debug_line    0x0000000000004783      0x940 Drivers/STM32F1xx_HAL_Driver/Src/stm32f1xx_hal.o
 .debug_line    0x00000000000050c3      0xb28 Drivers/STM32F1xx_HAL_Driver/Src/stm32f1xx_hal_cortex.o
 .debug_line    0x0000000000005beb      0xd98 Drivers/STM32F1xx_HAL_Driver/Src/stm32f1xx_hal_dma.o
 .debug_line    0x0000000000006983      0x9d7 Drivers/STM32F1xx_HAL_Driver/Src/stm32f1xx_hal_gpio.o
 .debug_line    0x000000000000735a      0xd4e Drivers/STM32F1xx_HAL_Driver/Src/stm32f1xx_hal_rcc.o
 .debug_line    0x00000000000080a8     0x32e8 Drivers/STM32F1xx_HAL_Driver/Src/stm32f1xx_hal_tim.o
 .debug_line    0x000000000000b390     0x19e6 Drivers/STM32F1xx_HAL_Driver/Src/stm32f1xx_hal_tim_ex.o
 .debug_line    0x000000000000cd76     0x174a Drivers/STM32F1xx_HAL_Driver/Src/stm32f1xx_hal_uart.o

.debug_str      0x0000000000000000    0x89b42
 .debug_str     0x0000000000000000    0x867ca Core/Src/led.o
                                      0x86b99 (size before relaxing)
 .debug_str     0x00000000000867ca      0xb1a Core/Src/main.o
                                      0x877ae (size before relaxing)
 .debug_str     0x00000000000872e4       0xba Core/Src/stm32f1xx_hal_msp.o
                                      0x842e9 (size before relaxing)
 .debug_str     0x000000000008739e       0xfc Core/Src/stm32f1xx_it.o
                                      0x87248 (size before relaxing)
 .debug_str     0x000000000008749a       0x4f Core/Src/symbols.o
                                      0x86aef (size before relaxing)
 .debug_str     0x00000000000874e9       0x52 Core/Src/system_stm32f1xx.o
                                      0x82f5f (size before relaxing)
 .debug_str     0x000000000008753b       0x36 Core/Startup/startup_stm32f103rbtx.o
                                         0x58 (size before relaxing)
 .debug_str     0x0000000000087571      0x304 Drivers/STM32F1xx_HAL_Driver/Src/stm32f1xx_hal.o
                                      0x835f0 (size before relaxing)
 .debug_str     0x0000000000087875      0x300 Drivers/STM32F1xx_HAL_Driver/Src/stm32f1xx_hal_cortex.o
                                      0x835f8 (size before relaxing)
 .debug_str     0x0000000000087b75      0x235 Drivers/STM32F1xx_HAL_Driver/Src/stm32f1xx_hal_dma.o
                                      0x8333a (size before relaxing)
 .debug_str     0x0000000000087daa      0x31f Drivers/STM32F1xx_HAL_Driver/Src/stm32f1xx_hal_gpio.o
                                      0x83323 (size before relaxing)
 .debug_str     0x00000000000880c9      0x24f Drivers/STM32F1xx_HAL_Driver/Src/stm32f1xx_hal_rcc.o
                                      0x8335c (size before relaxing)
 .debug_str     0x0000000000088318      0xde6 Drivers/STM32F1xx_HAL_Driver/Src/stm32f1xx_hal_tim.o
                                      0x8432e (size before relaxing)
 .debug_str     0x00000000000890fe      0x517 Drivers/STM32F1xx_HAL_Driver/Src/stm32f1xx_hal_tim_ex.o
                                      0x83b08 (size before relaxing)
 .debug_str     0x0000000000089615      0x52d Drivers/STM32F1xx_HAL_Driver/Src/stm32f1xx_hal_uart.o
                                      0x83862 (size before relaxing)

.comment        0x0000000000000000       0x53
 .comment       0x0000000000000000       0x53 Core/Src/led.o
                                         0x54 (size before relaxing)
 .comment       0x0000000000000053       0x54 Core/Src/main.o
 .comment       0x0000000000000053       0x54 Core/Src/stm32f1xx_hal_msp.o
 .comment       0x0000000000000053       0x54 Core/Src/stm32f1xx_it.o
 .comment       0x0000000000000053       0x54 Core/Src/symbols.o
 .comment       0x0000000000000053       0x54 Core/Src/system_stm32f1xx.o
 .comment       0x0000000000000053       0x54 Drivers/STM32F1xx_HAL_Driver/Src/stm32f1xx_hal.o
 .comment       0x0000000000000053       0x54 Drivers/STM32F1xx_HAL_Driver/Src/stm32f1xx_hal_cortex.o
 .comment       0x0000000000000053       0x54 Drivers/STM32F1xx_HAL_Driver/Src/stm32f1xx_hal_dma.o
 .comment       0x0000000000000053       0x54 Drivers/STM32F1xx_HAL_Driver/Src/stm32f1xx_hal_gpio.o
 .comment       0x0000000000000053       0x54 Drivers/STM32F1xx_HAL_Driver/Src/stm32f1xx_hal_rcc.o
 .comment       0x0000000000000053       0x54 Drivers/STM32F1xx_HAL_Driver/Src/stm32f1xx_hal_tim.o
 .comment       0x0000000000000053       0x54 Drivers/STM32F1xx_HAL_Driver/Src/stm32f1xx_hal_tim_ex.o
 .comment       0x0000000000000053       0x54 Drivers/STM32F1xx_HAL_Driver/Src/stm32f1xx_hal_uart.o

.debug_frame    0x0000000000000000     0x31c8
 .debug_frame   0x0000000000000000       0x84 Core/Src/led.o
 .debug_frame   0x0000000000000084      0x114 Core/Src/main.o
 .debug_frame   0x0000000000000198       0xc8 Core/Src/stm32f1xx_hal_msp.o
 .debug_frame   0x0000000000000260      0x178 Core/Src/stm32f1xx_it.o
 .debug_frame   0x00000000000003d8       0x5c Core/Src/symbols.o
 .debug_frame   0x0000000000000434       0x58 Core/Src/system_stm32f1xx.o
 .debug_frame   0x000000000000048c      0x334 Drivers/STM32F1xx_HAL_Driver/Src/stm32f1xx_hal.o
 .debug_frame   0x00000000000007c0      0x428 Drivers/STM32F1xx_HAL_Driver/Src/stm32f1xx_hal_cortex.o
 .debug_frame   0x0000000000000be8      0x208 Drivers/STM32F1xx_HAL_Driver/Src/stm32f1xx_hal_dma.o
 .debug_frame   0x0000000000000df0      0x14c Drivers/STM32F1xx_HAL_Driver/Src/stm32f1xx_hal_gpio.o
 .debug_frame   0x0000000000000f3c      0x21c Drivers/STM32F1xx_HAL_Driver/Src/stm32f1xx_hal_rcc.o
 .debug_frame   0x0000000000001158     0x11b8 Drivers/STM32F1xx_HAL_Driver/Src/stm32f1xx_hal_tim.o
 .debug_frame   0x0000000000002310      0x638 Drivers/STM32F1xx_HAL_Driver/Src/stm32f1xx_hal_tim_ex.o
 .debug_frame   0x0000000000002948      0x834 Drivers/STM32F1xx_HAL_Driver/Src/stm32f1xx_hal_uart.o
 .debug_frame   0x000000000000317c       0x2c d:/programs/stm32cubeide_1.6.0/stm32cubeide/plugins/com.st.stm32cube.ide.mcu.externaltools.gnu-tools-for-stm32.9-2020-q2-update.win32_1.5.0.202011040924/tools/bin/../lib/gcc/arm-none-eabi/9.3.1/../../../../arm-none-eabi/lib/thumb/v7-m/nofp\libc_nano.a(lib_a-init.o)
 .debug_frame   0x00000000000031a8       0x20 d:/programs/stm32cubeide_1.6.0/stm32cubeide/plugins/com.st.stm32cube.ide.mcu.externaltools.gnu-tools-for-stm32.9-2020-q2-update.win32_1.5.0.202011040924/tools/bin/../lib/gcc/arm-none-eabi/9.3.1/../../../../arm-none-eabi/lib/thumb/v7-m/nofp\libc_nano.a(lib_a-memset.o)
