stm32f1xx_it.c:104:6:NMI_Handler	4	static
stm32f1xx_it.c:119:6:HardFault_Handler	4	static
stm32f1xx_it.c:134:6:MemManage_Handler	4	static
stm32f1xx_it.c:149:6:BusFault_Handler	4	static
stm32f1xx_it.c:164:6:UsageFault_Handler	4	static
stm32f1xx_it.c:179:6:SVC_Handler	4	static
stm32f1xx_it.c:192:6:DebugMon_Handler	4	static
stm32f1xx_it.c:205:6:PendSV_Handler	4	static
stm32f1xx_it.c:218:6:SysTick_Handler	8	static
stm32f1xx_it.c:239:6:DMA1_Channel3_IRQHandler	8	static
stm32f1xx_it.c:253:6:TIM2_IRQHandler	16	static
stm32f1xx_it.c:763:6:TIM3_IRQHandler	8	static
stm32f1xx_it.c:792:6:USART3_IRQHandler	8	static
